[2023-01-21T21:13:06.379-0500][gc,init] CardTable entry size: 512
[2023-01-21T21:13:06.380-0500][gc     ] Using G1
[2023-01-21T21:13:06.381-0500][gc,init] Version: 19.0.1+10-21 (release)
[2023-01-21T21:13:06.381-0500][gc,init] CPUs: 8 total, 8 available
[2023-01-21T21:13:06.381-0500][gc,init] Memory: 8192M
[2023-01-21T21:13:06.381-0500][gc,init] Large Page Support: Disabled
[2023-01-21T21:13:06.381-0500][gc,init] NUMA Support: Disabled
[2023-01-21T21:13:06.381-0500][gc,init] Compressed Oops: Enabled (Zero based)
[2023-01-21T21:13:06.381-0500][gc,init] Heap Region Size: 1M
[2023-01-21T21:13:06.381-0500][gc,init] Heap Min Capacity: 1G
[2023-01-21T21:13:06.381-0500][gc,init] Heap Initial Capacity: 1G
[2023-01-21T21:13:06.381-0500][gc,init] Heap Max Capacity: 1G
[2023-01-21T21:13:06.381-0500][gc,init] Pre-touch: Disabled
[2023-01-21T21:13:06.381-0500][gc,init] Parallel Workers: 8
[2023-01-21T21:13:06.381-0500][gc,init] Concurrent Workers: 2
[2023-01-21T21:13:06.381-0500][gc,init] Concurrent Refinement Workers: 8
[2023-01-21T21:13:06.381-0500][gc,init] Periodic GC: Disabled
[2023-01-21T21:13:06.381-0500][gc,metaspace] CDS archive(s) mapped at: [0x0000000800000000-0x0000000800c44000-0x0000000800c44000), size 12861440, SharedBaseAddress: 0x0000000800000000, ArchiveRelocationMode: 0.
[2023-01-21T21:13:06.381-0500][gc,metaspace] Compressed class space mapped at: 0x0000000801000000-0x0000000841000000, reserved size: 1073741824
[2023-01-21T21:13:06.381-0500][gc,metaspace] Narrow klass base: 0x0000000800000000, Narrow klass shift: 0, Narrow klass range: 0x100000000
[2023-01-21T21:13:07.391-0500][gc,start    ] GC(0) Pause Young (Normal) (G1 Evacuation Pause)
[2023-01-21T21:13:07.391-0500][gc,task     ] GC(0) Using 8 workers of 8 for evacuation
[2023-01-21T21:13:07.394-0500][gc,phases   ] GC(0)   Pre Evacuate Collection Set: 0.1ms
[2023-01-21T21:13:07.394-0500][gc,phases   ] GC(0)   Merge Heap Roots: 0.0ms
[2023-01-21T21:13:07.394-0500][gc,phases   ] GC(0)   Evacuate Collection Set: 2.1ms
[2023-01-21T21:13:07.394-0500][gc,phases   ] GC(0)   Post Evacuate Collection Set: 0.2ms
[2023-01-21T21:13:07.394-0500][gc,phases   ] GC(0)   Other: 0.2ms
[2023-01-21T21:13:07.394-0500][gc,heap     ] GC(0) Eden regions: 51->0(44)
[2023-01-21T21:13:07.394-0500][gc,heap     ] GC(0) Survivor regions: 0->7(7)
[2023-01-21T21:13:07.394-0500][gc,heap     ] GC(0) Old regions: 0->1
[2023-01-21T21:13:07.394-0500][gc,heap     ] GC(0) Archive regions: 2->2
[2023-01-21T21:13:07.394-0500][gc,heap     ] GC(0) Humongous regions: 0->0
[2023-01-21T21:13:07.394-0500][gc,metaspace] GC(0) Metaspace: 18994K(19264K)->18994K(19264K) NonClass: 16607K(16768K)->16607K(16768K) Class: 2387K(2496K)->2387K(2496K)
[2023-01-21T21:13:07.394-0500][gc          ] GC(0) Pause Young (Normal) (G1 Evacuation Pause) 51M->8M(1024M) 2.805ms
[2023-01-21T21:13:07.394-0500][gc,cpu      ] GC(0) User=0.01s Sys=0.00s Real=0.00s
[2023-01-21T21:13:07.558-0500][gc,start    ] GC(1) Pause Young (Concurrent Start) (Metadata GC Threshold)
[2023-01-21T21:13:07.558-0500][gc,task     ] GC(1) Using 8 workers of 8 for evacuation
[2023-01-21T21:13:07.561-0500][gc,phases   ] GC(1)   Pre Evacuate Collection Set: 0.1ms
[2023-01-21T21:13:07.561-0500][gc,phases   ] GC(1)   Merge Heap Roots: 0.0ms
[2023-01-21T21:13:07.561-0500][gc,phases   ] GC(1)   Evacuate Collection Set: 3.0ms
[2023-01-21T21:13:07.561-0500][gc,phases   ] GC(1)   Post Evacuate Collection Set: 0.2ms
[2023-01-21T21:13:07.561-0500][gc,phases   ] GC(1)   Other: 0.0ms
[2023-01-21T21:13:07.561-0500][gc,heap     ] GC(1) Eden regions: 9->0(50)
[2023-01-21T21:13:07.561-0500][gc,heap     ] GC(1) Survivor regions: 7->1(7)
[2023-01-21T21:13:07.561-0500][gc,heap     ] GC(1) Old regions: 1->8
[2023-01-21T21:13:07.561-0500][gc,heap     ] GC(1) Archive regions: 2->2
[2023-01-21T21:13:07.561-0500][gc,heap     ] GC(1) Humongous regions: 0->0
[2023-01-21T21:13:07.561-0500][gc,metaspace] GC(1) Metaspace: 21284K(21504K)->21284K(21504K) NonClass: 18576K(18688K)->18576K(18688K) Class: 2708K(2816K)->2708K(2816K)
[2023-01-21T21:13:07.561-0500][gc          ] GC(1) Pause Young (Concurrent Start) (Metadata GC Threshold) 16M->9M(1024M) 3.505ms
[2023-01-21T21:13:07.561-0500][gc          ] GC(2) Concurrent Mark Cycle
[2023-01-21T21:13:07.561-0500][gc,cpu      ] GC(1) User=0.01s Sys=0.00s Real=0.01s
[2023-01-21T21:13:07.561-0500][gc,marking  ] GC(2) Concurrent Clear Claimed Marks
[2023-01-21T21:13:07.561-0500][gc,marking  ] GC(2) Concurrent Clear Claimed Marks 0.024ms
[2023-01-21T21:13:07.561-0500][gc,marking  ] GC(2) Concurrent Scan Root Regions
[2023-01-21T21:13:07.563-0500][gc,marking  ] GC(2) Concurrent Scan Root Regions 1.150ms
[2023-01-21T21:13:07.563-0500][gc,marking  ] GC(2) Concurrent Mark
[2023-01-21T21:13:07.563-0500][gc,marking  ] GC(2) Concurrent Mark From Roots
[2023-01-21T21:13:07.563-0500][gc,task     ] GC(2) Using 2 workers of 2 for marking
[2023-01-21T21:13:07.563-0500][gc,marking  ] GC(2) Concurrent Mark From Roots 0.525ms
[2023-01-21T21:13:07.563-0500][gc,marking  ] GC(2) Concurrent Preclean
[2023-01-21T21:13:07.563-0500][gc,marking  ] GC(2) Concurrent Preclean 0.007ms
[2023-01-21T21:13:07.563-0500][gc,start    ] GC(2) Pause Remark
[2023-01-21T21:13:07.565-0500][gc          ] GC(2) Pause Remark 9M->9M(1024M) 1.308ms
[2023-01-21T21:13:07.565-0500][gc,cpu      ] GC(2) User=0.00s Sys=0.00s Real=0.00s
[2023-01-21T21:13:07.565-0500][gc,marking  ] GC(2) Concurrent Mark 1.993ms
[2023-01-21T21:13:07.565-0500][gc,marking  ] GC(2) Concurrent Rebuild Remembered Sets
[2023-01-21T21:13:07.566-0500][gc,marking  ] GC(2) Concurrent Rebuild Remembered Sets 1.709ms
[2023-01-21T21:13:07.566-0500][gc,start    ] GC(2) Pause Cleanup
[2023-01-21T21:13:07.566-0500][gc          ] GC(2) Pause Cleanup 9M->9M(1024M) 0.097ms
[2023-01-21T21:13:07.567-0500][gc,cpu      ] GC(2) User=0.00s Sys=0.00s Real=0.00s
[2023-01-21T21:13:07.567-0500][gc,marking  ] GC(2) Concurrent Cleanup for Next Mark
[2023-01-21T21:13:07.568-0500][gc,marking  ] GC(2) Concurrent Cleanup for Next Mark 1.178ms
[2023-01-21T21:13:07.568-0500][gc          ] GC(2) Concurrent Mark Cycle 6.334ms
[2023-01-21T21:13:07.994-0500][gc,start    ] GC(3) Pause Young (Normal) (G1 Evacuation Pause)
[2023-01-21T21:13:07.994-0500][gc,task     ] GC(3) Using 8 workers of 8 for evacuation
[2023-01-21T21:13:07.996-0500][gc,phases   ] GC(3)   Pre Evacuate Collection Set: 0.1ms
[2023-01-21T21:13:07.996-0500][gc,phases   ] GC(3)   Merge Heap Roots: 0.0ms
[2023-01-21T21:13:07.996-0500][gc,phases   ] GC(3)   Evacuate Collection Set: 1.7ms
[2023-01-21T21:13:07.996-0500][gc,phases   ] GC(3)   Post Evacuate Collection Set: 0.3ms
[2023-01-21T21:13:07.996-0500][gc,phases   ] GC(3)   Other: 0.0ms
[2023-01-21T21:13:07.996-0500][gc,heap     ] GC(3) Eden regions: 50->0(45)
[2023-01-21T21:13:07.996-0500][gc,heap     ] GC(3) Survivor regions: 1->6(7)
[2023-01-21T21:13:07.996-0500][gc,heap     ] GC(3) Old regions: 8->8
[2023-01-21T21:13:07.996-0500][gc,heap     ] GC(3) Archive regions: 2->2
[2023-01-21T21:13:07.996-0500][gc,heap     ] GC(3) Humongous regions: 129->129
[2023-01-21T21:13:07.996-0500][gc,metaspace] GC(3) Metaspace: 33281K(33600K)->33281K(33600K) NonClass: 29404K(29568K)->29404K(29568K) Class: 3876K(4032K)->3876K(4032K)
[2023-01-21T21:13:07.996-0500][gc          ] GC(3) Pause Young (Normal) (G1 Evacuation Pause) 188M->142M(1024M) 2.276ms
[2023-01-21T21:13:07.996-0500][gc,cpu      ] GC(3) User=0.01s Sys=0.00s Real=0.00s
[2023-01-21T21:13:51.281-0500][gc,start    ] GC(4) Pause Young (Concurrent Start) (Metadata GC Threshold)
[2023-01-21T21:13:51.281-0500][gc,task     ] GC(4) Using 8 workers of 8 for evacuation
[2023-01-21T21:13:51.286-0500][gc,phases   ] GC(4)   Pre Evacuate Collection Set: 0.3ms
[2023-01-21T21:13:51.286-0500][gc,phases   ] GC(4)   Merge Heap Roots: 0.1ms
[2023-01-21T21:13:51.286-0500][gc,phases   ] GC(4)   Evacuate Collection Set: 4.0ms
[2023-01-21T21:13:51.286-0500][gc,phases   ] GC(4)   Post Evacuate Collection Set: 0.2ms
[2023-01-21T21:13:51.286-0500][gc,phases   ] GC(4)   Other: 0.4ms
[2023-01-21T21:13:51.286-0500][gc,heap     ] GC(4) Eden regions: 13->0(49)
[2023-01-21T21:13:51.286-0500][gc,heap     ] GC(4) Survivor regions: 6->2(7)
[2023-01-21T21:13:51.286-0500][gc,heap     ] GC(4) Old regions: 8->13
[2023-01-21T21:13:51.286-0500][gc,heap     ] GC(4) Archive regions: 2->2
[2023-01-21T21:13:51.286-0500][gc,heap     ] GC(4) Humongous regions: 129->129
[2023-01-21T21:13:51.286-0500][gc,metaspace] GC(4) Metaspace: 35640K(35968K)->35640K(35968K) NonClass: 31397K(31552K)->31397K(31552K) Class: 4243K(4416K)->4243K(4416K)
[2023-01-21T21:13:51.286-0500][gc          ] GC(4) Pause Young (Concurrent Start) (Metadata GC Threshold) 155M->143M(1024M) 5.337ms
[2023-01-21T21:13:51.286-0500][gc          ] GC(5) Concurrent Mark Cycle
[2023-01-21T21:13:51.286-0500][gc,cpu      ] GC(4) User=0.02s Sys=0.01s Real=0.00s
[2023-01-21T21:13:51.286-0500][gc,marking  ] GC(5) Concurrent Clear Claimed Marks
[2023-01-21T21:13:51.286-0500][gc,marking  ] GC(5) Concurrent Clear Claimed Marks 0.039ms
[2023-01-21T21:13:51.286-0500][gc,marking  ] GC(5) Concurrent Scan Root Regions
[2023-01-21T21:13:51.289-0500][gc,marking  ] GC(5) Concurrent Scan Root Regions 2.639ms
[2023-01-21T21:13:51.289-0500][gc,marking  ] GC(5) Concurrent Mark
[2023-01-21T21:13:51.289-0500][gc,marking  ] GC(5) Concurrent Mark From Roots
[2023-01-21T21:13:51.289-0500][gc,task     ] GC(5) Using 2 workers of 2 for marking
[2023-01-21T21:13:51.293-0500][gc,marking  ] GC(5) Concurrent Mark From Roots 4.320ms
[2023-01-21T21:13:51.294-0500][gc,marking  ] GC(5) Concurrent Preclean
[2023-01-21T21:13:51.294-0500][gc,marking  ] GC(5) Concurrent Preclean 0.041ms
[2023-01-21T21:13:51.294-0500][gc,start    ] GC(5) Pause Remark
[2023-01-21T21:13:51.295-0500][gc          ] GC(5) Pause Remark 143M->143M(1024M) 1.276ms
[2023-01-21T21:13:51.295-0500][gc,cpu      ] GC(5) User=0.01s Sys=0.00s Real=0.00s
[2023-01-21T21:13:51.295-0500][gc,marking  ] GC(5) Concurrent Mark 5.806ms
[2023-01-21T21:13:51.295-0500][gc,marking  ] GC(5) Concurrent Rebuild Remembered Sets
[2023-01-21T21:13:51.299-0500][gc,marking  ] GC(5) Concurrent Rebuild Remembered Sets 3.991ms
[2023-01-21T21:13:51.299-0500][gc,start    ] GC(5) Pause Cleanup
[2023-01-21T21:13:51.299-0500][gc          ] GC(5) Pause Cleanup 144M->144M(1024M) 0.150ms
[2023-01-21T21:13:51.299-0500][gc,cpu      ] GC(5) User=0.00s Sys=0.00s Real=0.00s
[2023-01-21T21:13:51.299-0500][gc,marking  ] GC(5) Concurrent Cleanup for Next Mark
[2023-01-21T21:13:51.302-0500][gc,marking  ] GC(5) Concurrent Cleanup for Next Mark 2.041ms
[2023-01-21T21:13:51.302-0500][gc          ] GC(5) Concurrent Mark Cycle 15.139ms
[2023-01-21T21:13:51.509-0500][gc,heap,exit] Heap
[2023-01-21T21:13:51.509-0500][gc,heap,exit]  garbage-first heap   total 1048576K, used 156981K [0x00000007c0000000, 0x0000000800000000)
[2023-01-21T21:13:51.509-0500][gc,heap,exit]   region size 1024K, 13 young (13312K), 2 survivors (2048K)
[2023-01-21T21:13:51.509-0500][gc,heap,exit]  Metaspace       used 36325K, committed 36672K, reserved 1114112K
[2023-01-21T21:13:51.509-0500][gc,heap,exit]   class space    used 4387K, committed 4544K, reserved 1048576K
